// Jest Snapshot v1, https://goo.gl/fbAQLP

exports[`Should Album to match snapshot 1`] = `
<div
  className="container"
>
  <a
    className="button "
    onClick={[Function]}
    type="link"
  >
    &lt; Voltar
  </a>
  <section>
    <aside
      className="thumb album-thumb"
    >
      <figure
        className="media "
      >
        <img
          alt=" - "
          src="mock-file"
        />
        <figcaption>
          <span>
             
          </span>
        </figcaption>
      </figure>
    </aside>
    <ul
      className="list"
    />
  </section>
</div>
`;
